
Memory content [0x3000..0x3052] :
-------------------------------------
 0x3000 (12288) : 0x1021
 0x3002 (12290) : 0x1262
 0x3004 (12292) : 0x1440
 0x3006 (12294) : 0x0201
 0x3008 (12296) : 0x9000
 0x300a (12298) : 0x16b9
 0x300c (12300) : 0x0801
 0x300e (12302) : 0x9241
 0x3010 (12304) : 0x18e4
 0x3012 (12306) : 0x0401
 0x3014 (12308) : 0x9482
 0x3016 (12310) : 0xd48a
 0x3018 (12312) : 0x14a7
 0x301a (12314) : 0xea05
 0x301c (12316) : 0x6d40
 0x301e (12318) : 0x3580
 0x3020 (12320) : 0xd4b8
 0x3022 (12322) : 0x3581
 0x3024 (12324) : 0xf025
 0x3026 (12326) : 0x3050
 0x3028 (12328) : 0x0000
 0x302a (12330) : 0x0000
 0x302c (12332) : 0x0000
 0x302e (12334) : 0x0000
 0x3030 (12336) : 0x0000
 0x3032 (12338) : 0x0000
 0x3034 (12340) : 0x0000
 0x3036 (12342) : 0x0000
 0x3038 (12344) : 0x0000
 0x303a (12346) : 0x0000
 0x303c (12348) : 0x0000
 0x303e (12350) : 0x0000
 0x3040 (12352) : 0x0000
 0x3042 (12354) : 0x0000
 0x3044 (12356) : 0x0000
 0x3046 (12358) : 0x0000
 0x3048 (12360) : 0x0000
 0x304a (12362) : 0x0000
 0x304c (12364) : 0x0000
 0x304e (12366) : 0x0000
 0x3050 (12368) : 0x0c07
 0x3052 (12370) : 0x0000


Current register/bus values :
-------------------------------------
Instruction Count : 16
PC                : 0x0000
CCs: N = 0  Z = 0  P = 1
Registers:
0: 0x0001
1: 0x0002
2: 0x000c
3: 0xfffffffc
4: 0x0000
5: 0x3026
6: 0x3050
7: 0x3024

