
Memory content [0x3000..0x302a] :
-------------------------------------
 0x3000 (12288) : 0x66c0
 0x3002 (12290) : 0xe613
 0x3004 (12292) : 0x66c0
 0x3006 (12294) : 0xf023
 0x3008 (12296) : 0x22c0
 0x300a (12298) : 0x187c
 0x300c (12300) : 0x0408
 0x300e (12302) : 0x927f
 0x3010 (12304) : 0x1240
 0x3012 (12306) : 0x927f
 0x3014 (12308) : 0x0a01
 0x3016 (12310) : 0x14a1
 0x3018 (12312) : 0x16e1
 0x301a (12314) : 0x22c0
 0x301c (12316) : 0x0ff6
 0x301e (12318) : 0xe004
 0x3020 (12320) : 0x6000
 0x3022 (12322) : 0x1002
 0x3024 (12324) : 0xf021
 0x3026 (12326) : 0xf025
 0x3028 (12328) : 0x0030
 0x302a (12330) : 0x4000


Current register/bus values :
-------------------------------------
Instruction Count : 5
PC                : 0x4000
CCs: N = 0  Z = 0  P = 1
Registers:
0: 0x0002
1: 0x000a
2: 0x0000
3: 0x300a
4: 0x0021
5: 0x0000
6: 0x0000
7: 0x3008

