
Memory content [0x3000..0x301c] :
-------------------------------------
 0x3000 (12288) : 0x5020
 0x3002 (12290) : 0x5240
 0x3004 (12292) : 0x102C
 0x3006 (12294) : 0x740a
 0x3008 (12296) : 0x2808
 0x300a (12298) : 0x1111
 0x300c (12300) : 0x0000
 0x300e (12302) : 0x0000
 0x3010 (12304) : 0x0000
 0x3012 (12306) : 0x0000
 0x3014 (12308) : 0x0000
 0x3016 (12310) : 0x0000
 0x3018 (12312) : 0x0000
 0x301a (12314) : 0x0000
 0x301c (12316) : 0x0000

Current register/bus values :
-------------------------------------
Instruction Count : 6
PC                : 0x0000
CCs: N = 0  Z = 2  P = 2
Registers:
0: 0x000c
1: 0x0000
2: 0x0000
3: 0x0000
4: 0x000c
5: 0x0000
6: 0x0000
7: 0x300a

